// Jest Snapshot v1, https://goo.gl/fbAQLP

exports[`Carousel renders initial component 1`] = `
<div
  className="rollover-container "
>
  <div
    className="rollover"
  >
    <div
      className="col-xs-4 rollover-img"
    >
      <img
        alt=""
        className="high-contrast "
        onError={[Function]}
        src="https://metakompasset.demo.dbc.dk/api/cover/undefined"
        style={undefined}
      />
    </div>
    <div
      className="col-xs-8 text-left rollover-text"
    >
      <div
        className="col-xs-12 rollover-title"
      >
        <h1 />
      </div>
      <div
        className="col-xs-12 rollover-creator"
      >
        <h2 />
      </div>
      <div
        className="col-xs-12 rollover-description"
      >
        <p>
          lorem ipsum . . .
        </p>
      </div>
      <div
        className="col-xs-12"
      >
        <CheckmarkConnected
          book={
            Object {
              "book": Object {
                "pid": undefined,
              },
            }
          }
          origin="Fra bogreol"
        />
      </div>
    </div>
    <div
      className="clear"
    />
  </div>
</div>
`;
