// Jest Snapshot v1, https://goo.gl/fbAQLP

exports[`SocialShareButton renders initial component 1`] = `
<a
  href="https://laesekompas.dk/lister/1234"
  onClick={null}
  target="_blank"
>
  <button
    className="ssb undefined"
    style={
      Object {
        "backgroundColor": "#3b5998",
        "borderRadius": "50%",
        "height": "40px",
        "paddingLeft": "0px",
        "paddingRight": "0px",
        "width": "40px",
      }
    }
    title="Del pÃ¥ facebook"
  >
    <span
      style={
        Object {
          "marginRight": "0px",
        }
      }
    >
      
    </span>
    
    <i
      className="material-icons"
    />
  </button>
</a>
`;
