// Jest Snapshot v1, https://goo.gl/fbAQLP

exports[`AddToList is empty when allowAdd is false 1`] = `""`;

exports[`AddToList is empty when list is undefined 1`] = `""`;

exports[`AddToList render when allowAdd is true 1`] = `
<div
  className="addbook position-relative undefined"
>
  <Title
    className="ml-2 ml-sm-0"
    tag="h2"
    type="title4"
    variant="transform-uppercase"
  >
    <T
      component="list"
      name="addBooksToList"
    />
  </Title>
  <div
    className="d-flex flex-row pt-2"
  >
    <ProfileImage
      size="40"
    />
    <Connect(BookSearchSuggester)
      className="ml-3 mr-5"
      list={
        Object {
          "_id": 1,
          "description": "some description",
          "list": Array [
            Object {
              "book": Object {
                "creator": "some creator1",
                "pid": "pid1",
                "title": "some title 1",
              },
              "description": "some description1",
              "links": Object {
                "cover": "/cover1",
              },
            },
            Object {
              "book": Object {
                "creator": "some creator2",
                "pid": "pid2",
                "title": "some title 2",
              },
              "description": "some description2",
              "links": Object {
                "cover": "/cover2",
              },
            },
            Object {
              "book": Object {
                "creator": "some creator3",
                "pid": "pid3",
                "title": "some title 3",
              },
              "description": "some description3",
              "links": Object {
                "cover": "/cover3",
              },
            },
          ],
          "title": "some list",
        }
      }
      onSubmit={[Function]}
    />
  </div>
</div>
`;

exports[`AddToList show add and cancel buttons when selected book is not in list 1`] = `
<div
  className="addbook position-relative undefined"
>
  <Title
    className="ml-2 ml-sm-0"
    tag="h2"
    type="title4"
    variant="transform-uppercase"
  >
    <T
      component="list"
      name="addBooksToList"
    />
  </Title>
  <div
    className="d-flex flex-row pt-2"
  >
    <ProfileImage
      size="40"
    />
    <Connect(BookSearchSuggester)
      className="ml-3 mr-5"
      list={
        Object {
          "_id": 1,
          "description": "some description",
          "list": Array [
            Object {
              "book": Object {
                "creator": "some creator1",
                "pid": "pid1",
                "title": "some title 1",
              },
              "description": "some description1",
              "links": Object {
                "cover": "/cover1",
              },
            },
            Object {
              "book": Object {
                "creator": "some creator2",
                "pid": "pid2",
                "title": "some title 2",
              },
              "description": "some description2",
              "links": Object {
                "cover": "/cover2",
              },
            },
            Object {
              "book": Object {
                "creator": "some creator3",
                "pid": "pid3",
                "title": "some title 3",
              },
              "description": "some description3",
              "links": Object {
                "cover": "/cover3",
              },
            },
          ],
          "title": "some list",
        }
      }
      onSubmit={[Function]}
    />
  </div>
</div>
`;

exports[`AddToList show error msg when selected books is already in list 1`] = `
<div
  className="addbook position-relative undefined"
>
  <Title
    className="ml-2 ml-sm-0"
    tag="h2"
    type="title4"
    variant="transform-uppercase"
  >
    <T
      component="list"
      name="addBooksToList"
    />
  </Title>
  <div
    className="d-flex flex-row pt-2"
  >
    <ProfileImage
      size="40"
    />
    <Connect(BookSearchSuggester)
      className="ml-3 mr-5"
      list={
        Object {
          "_id": 1,
          "description": "some description",
          "list": Array [
            Object {
              "book": Object {
                "creator": "some creator1",
                "pid": "pid1",
                "title": "some title 1",
              },
              "description": "some description1",
              "links": Object {
                "cover": "/cover1",
              },
            },
            Object {
              "book": Object {
                "creator": "some creator2",
                "pid": "pid2",
                "title": "some title 2",
              },
              "description": "some description2",
              "links": Object {
                "cover": "/cover2",
              },
            },
            Object {
              "book": Object {
                "creator": "some creator3",
                "pid": "pid3",
                "title": "some title 3",
              },
              "description": "some description3",
              "links": Object {
                "cover": "/cover3",
              },
            },
          ],
          "title": "some list",
        }
      }
      onSubmit={[Function]}
    />
  </div>
</div>
`;
