// Jest Snapshot v1, https://goo.gl/fbAQLP

exports[`renders without crashing 1`] = `
<div
  className="App container"
>
  <div
    className="row topbar"
  >
    <div
      className="col-xs-6 text-left header"
      onClick={[Function]}
    >
      <div>
        <img
          alt="logo"
          src="logo.svg"
        />
      </div>
      <div>
        <h1>
          Læsekompasset
        </h1>
      </div>
    </div>
    <div
      className="col-xs-6 text-right login"
    >
      <div
        className="short-list"
      >
        <div
          className="short-list--btn"
          onClick={[Function]}
        >
          <img
            alt=""
            src="Huskeliste.svg"
            title="Huskeliste"
          />
        </div>
        <div
          className="short-list--content text-left slide-out"
        >
          <img
            alt="luk"
            className="short-list--close-btn"
            onClick={[Function]}
            src="Kryds.svg"
          />
          <div
            className="short-list--header"
          >
            HUSKELISTE
          </div>
          <div
            className="short-list--empty-text text-center"
          >
            Din huskeliste er tom
          </div>
          <div
            className="short-list--more-btn text-center"
          >
            <span
              className="btn btn-default text-center"
              onClick={[Function]}
            >
              SE HELE LISTEN
            </span>
          </div>
        </div>
      </div>
      <span
        onClick={[Function]}
      >
        Log ind
      </span>
    </div>
  </div>
  <div
    style={
      Object {
        "height": "50px",
      }
    }
  />
  <div
    className="frontpage"
  >
    <div
      className="row frontpage-image"
    />
    <div
      className="row frontpage-image-credits text-right"
    >
      <a
        href="https://www.flickr.com/people/fatseth/"
      >
        Foto ©G Morel
      </a>
    </div>
    <div
      className="belts col-xs-11 col-centered"
    >
      <div
        className="row belt text-left"
      >
        <div
          className="col-xs-12 header"
        >
          <span
            className="belt-title"
            data-html="true"
            data-original-title="<span>Medium længde</span> <span>Er på mange biblioteker</span> <span>Medrivende</span> <span>Udlånes meget</span>"
            data-toggle="tooltip"
            onClick={[Function]}
          >
            En god bog
          </span>
        </div>
        <div
          className="col-xs-12 belt-links"
        >
          <span>
            Se også:
          </span>
          <span
            className="belt-link"
            data-html="true"
            data-original-title="<span>Spændende</span> <span>Høj fart</span> <span>Plot</span>"
            data-toggle="tooltip"
            onClick={[Function]}
          >
            En spændende bog
          </span>
          <span
            className="belt-link"
            data-html="true"
            data-original-title="<span>Alternativ</span> <span>Innovativ</span>"
            data-toggle="tooltip"
            onClick={[Function]}
          >
            En anderledes bog
          </span>
        </div>
        <div
          className="row mb4"
        >
          <div
            className="col-xs-12"
          >
            <slider />
          </div>
        </div>
      </div>
      <div
        className="row belt text-left"
      >
        <div
          className="col-xs-12 header"
        >
          <span
            className="belt-title"
            data-html="true"
            data-original-title="<span>Ligefrem</span> <span>I bevægelse</span>"
            data-toggle="tooltip"
            onClick={[Function]}
          >
            En let læst bog
          </span>
        </div>
        <div
          className="col-xs-12 belt-links"
        >
          <span>
            Se også:
          </span>
          <span
            className="belt-link"
            data-html="true"
            data-original-title="<span>Filosofisk</span> <span>Indsigtsfuld</span>"
            data-toggle="tooltip"
            onClick={[Function]}
          >
            En bog der gør dig klogere
          </span>
          <span
            className="belt-link"
            data-html="true"
            data-original-title="<span>Meget åben for fortolkning</span> <span>Krævende</span>"
            data-toggle="tooltip"
            onClick={[Function]}
          >
            En udfordrende bog
          </span>
        </div>
        <div
          className="row mb4"
        >
          <div
            className="col-xs-12"
          >
            <slider />
          </div>
        </div>
      </div>
      <div
        className="row belt text-left"
      >
        <div
          className="col-xs-12 header"
        >
          <span
            className="belt-title"
            data-html="true"
            data-original-title="<span>Bibliotekaren anbefaler</span>"
            data-toggle="tooltip"
            onClick={[Function]}
          >
            Bibliotekarens ugentlige anbefalinger
          </span>
        </div>
        <div
          className="col-xs-12 belt-links"
        />
        <div
          className="row mb4"
        >
          <div
            className="col-xs-12"
          >
            <slider />
          </div>
        </div>
      </div>
      <div
        className="row belt text-left"
      >
        <div
          className="col-xs-12 header"
        >
          <span
            className="belt-title"
            data-html="true"
            data-original-title="<span>Ingen filtre</span>"
            data-toggle="tooltip"
            onClick={[Function]}
          >
            Passer med min smag
          </span>
        </div>
        <div
          className="col-xs-12 belt-links"
        />
        <div
          style={
            Object {
              "paddingLeft": "15px",
              "paddingRight": "15px",
            }
          }
        >
          <div
            className="create-profile col-xs-12 text-center"
          >
            <button
              className="btn btn-success"
            >
              Opret profil
            </button>
          </div>
        </div>
      </div>
      <div
        className="row belt text-left"
      >
        <div
          className="col-xs-12 header"
        >
          <span
            className="belt-title"
          >
            Seneste lister fra brugerne
          </span>
        </div>
        <div
          className="row mb4"
        >
          <div
            className="col-xs-12"
          >
            <slider />
          </div>
        </div>
      </div>
    </div>
  </div>
  <span />
</div>
`;
