// Jest Snapshot v1, https://goo.gl/fbAQLP

exports[`ListView List is rendered 1`] = `
<div
  className="list-wrapper tl"
>
  <h1
    className="t-title h-underline mb4"
  >
    some list
  </h1>
  <div
    className="row"
  >
    <div
      className="list tl col-xs-8"
    >
      <div
        className="simplelist"
      >
        <div
          className="row mb4"
        >
          <div
            className="col-xs-3 tc"
          >
            <div
              className="profile-card "
            >
              <span
                className="profile-image small round"
              >
                <img
                  alt="Profile Name"
                  className="cover"
                  src="http://p-hold.com/200/200"
                />
              </span>
              <p
                className="profile-name t-body h4"
              >
                Profile Name
              </p>
            </div>
          </div>
          <div
            className="col-xs-9"
          >
            <p
              className="t-body"
            >
              some description
            </p>
          </div>
        </div>
        <div
          className="list"
        >
          <div
            className="row simplelist-item mb4"
          >
            <div
              className="meta col-xs-3 tc"
            >
              <WorkItemConnectedMock
                showTaxonomy={false}
                work={
                  Object {
                    "book": Object {
                      "creator": "some creator1",
                      "pid": "pid1",
                      "title": "some title 1",
                    },
                  }
                }
                workClass="work simplelist"
              />
            </div>
            <div
              className="meta col-xs-9"
            >
              <h4
                className="w-title h-tight"
              >
                some title 1
              </h4>
              <h5
                className="w-creator h-tight mb2"
              >
                some creator1
              </h5>
              <div
                className="profile-description"
              >
                <div
                  className="profile-list mb1"
                >
                  <span
                    className="profile-image small round"
                  >
                    <img
                      alt="Profile Name"
                      className="cover"
                      src="http://p-hold.com/200/200"
                    />
                  </span>
                  <p
                    className="profile-name t-body h4"
                  >
                    Profile Name
                  </p>
                </div>
                <p
                  className="t-body"
                >
                  some description1
                </p>
              </div>
            </div>
          </div>
          <div
            className="row simplelist-item mb4"
          >
            <div
              className="meta col-xs-3 tc"
            >
              <WorkItemConnectedMock
                showTaxonomy={false}
                work={
                  Object {
                    "book": Object {
                      "creator": "some creator2",
                      "pid": "pid2",
                      "title": "some title 2",
                    },
                  }
                }
                workClass="work simplelist"
              />
            </div>
            <div
              className="meta col-xs-9"
            >
              <h4
                className="w-title h-tight"
              >
                some title 2
              </h4>
              <h5
                className="w-creator h-tight mb2"
              >
                some creator2
              </h5>
              <div
                className="profile-description"
              >
                <div
                  className="profile-list mb1"
                >
                  <span
                    className="profile-image small round"
                  >
                    <img
                      alt="Profile Name"
                      className="cover"
                      src="http://p-hold.com/200/200"
                    />
                  </span>
                  <p
                    className="profile-name t-body h4"
                  >
                    Profile Name
                  </p>
                </div>
                <p
                  className="t-body"
                >
                  some description2
                </p>
              </div>
            </div>
          </div>
          <div
            className="row simplelist-item mb4"
          >
            <div
              className="meta col-xs-3 tc"
            >
              <WorkItemConnectedMock
                showTaxonomy={false}
                work={
                  Object {
                    "book": Object {
                      "creator": "some creator3",
                      "pid": "pid3",
                      "title": "some title 3",
                    },
                  }
                }
                workClass="work simplelist"
              />
            </div>
            <div
              className="meta col-xs-9"
            >
              <h4
                className="w-title h-tight"
              >
                some title 3
              </h4>
              <h5
                className="w-creator h-tight mb2"
              >
                some creator3
              </h5>
              <div
                className="profile-description"
              >
                <div
                  className="profile-list mb1"
                >
                  <span
                    className="profile-image small round"
                  >
                    <img
                      alt="Profile Name"
                      className="cover"
                      src="http://p-hold.com/200/200"
                    />
                  </span>
                  <p
                    className="profile-name t-body h4"
                  >
                    Profile Name
                  </p>
                </div>
                <p
                  className="t-body"
                >
                  some description3
                </p>
              </div>
            </div>
          </div>
        </div>
      </div>
      ;
    </div>
    <div
      className="col-xs-4"
    >
      <a
        className=""
        href="/lister/list1/rediger"
        onClick={[Function]}
      >
        Rediger liste
      </a>
    </div>
  </div>
</div>
`;

exports[`ListView no list is rendered when id is invalid 1`] = `
<div>
  Listen findes ikke
</div>
`;
